// Jest Snapshot v1, https://goo.gl/fbAQLP

exports[`NameList matches snapshot 1`] = `
<div>
  <li
    key="0"
  >
    긴냥이
  </li>
  <li
    key="1"
  >
    이기백
  </li>
</div>
`;
