// Jest Snapshot v1, https://goo.gl/fbAQLP

exports[`NameForm matches snapshot 1`] = `
<form
  onSubmit={[Function]}
>
  <label>
    Your name
  </label>
  <input
    onChange={[Function]}
    type="text"
    value="고양이"
  />
  <button
    type="submit"
  >
    Submit
  </button>
</form>
`;
